 * Debugger is active!
 * Debugger PIN: 135-710-915
 * Running on http://127.0.0.1:5000/ (Press CTRL+C to quit)
 * Detected change in 'C:\\Users\\kathu\\Desktop\\project\\demo.py', reloading
 * Debugger is active!
 * Debugger PIN: 135-710-915
 * Running on http://127.0.0.1:5000/ (Press CTRL+C to quit)
 * Detected change in 'C:\\Users\\kathu\\Desktop\\project\\demo.py', reloading
 * Debugger is active!
 * Debugger PIN: 135-710-915
 * Running on http://127.0.0.1:5000/ (Press CTRL+C to quit)
 * Detected change in 'C:\\Users\\kathu\\Desktop\\project\\demo.py', reloading
 * Debugger is active!
 * Debugger PIN: 135-710-915
 * Running on http://127.0.0.1:5000/ (Press CTRL+C to quit)
127.0.0.1 - - [14/Nov/2021 00:23:14] "GET /SignUp HTTP/1.1" 200 -
127.0.0.1 - - [14/Nov/2021 00:23:15] "[36mGET /static/SignUp.css HTTP/1.1[0m" 304 -
127.0.0.1 - - [14/Nov/2021 00:23:15] "[36mGET /static/nicepage.css HTTP/1.1[0m" 304 -
127.0.0.1 - - [14/Nov/2021 00:23:15] "[36mGET /static/nicepage.js HTTP/1.1[0m" 304 -
127.0.0.1 - - [14/Nov/2021 00:23:15] "[36mGET /static/jquery.js HTTP/1.1[0m" 304 -
127.0.0.1 - - [14/Nov/2021 00:23:17] "GET / HTTP/1.1" 200 -
127.0.0.1 - - [14/Nov/2021 00:23:17] "[36mGET /static/nicepage.css HTTP/1.1[0m" 304 -
127.0.0.1 - - [14/Nov/2021 00:23:17] "[36mGET /static/Login.css HTTP/1.1[0m" 304 -
127.0.0.1 - - [14/Nov/2021 00:23:17] "[36mGET /static/jquery.js HTTP/1.1[0m" 304 -
127.0.0.1 - - [14/Nov/2021 00:23:17] "[36mGET /static/nicepage.js HTTP/1.1[0m" 304 -
127.0.0.1 - - [14/Nov/2021 00:23:33] "GET /SignUp HTTP/1.1" 200 -
127.0.0.1 - - [14/Nov/2021 00:23:33] "[36mGET /static/nicepage.css HTTP/1.1[0m" 304 -
127.0.0.1 - - [14/Nov/2021 00:23:33] "[36mGET /static/SignUp.css HTTP/1.1[0m" 304 -
127.0.0.1 - - [14/Nov/2021 00:23:33] "[36mGET /static/jquery.js HTTP/1.1[0m" 304 -
127.0.0.1 - - [14/Nov/2021 00:23:33] "[36mGET /static/nicepage.js HTTP/1.1[0m" 304 -
Register Returned message as Please fill out the form!
127.0.0.1 - - [14/Nov/2021 00:23:42] "POST /register HTTP/1.1" 200 -
 * Restarting with stat
 * Debugger is active!
 * Debugger PIN: 135-710-915
 * Running on http://127.0.0.1:5000/ (Press CTRL+C to quit)
127.0.0.1 - - [14/Nov/2021 00:24:02] "GET /SignUp HTTP/1.1" 200 -
127.0.0.1 - - [14/Nov/2021 00:24:03] "[36mGET /static/nicepage.css HTTP/1.1[0m" 304 -
127.0.0.1 - - [14/Nov/2021 00:24:03] "[36mGET /static/nicepage.js HTTP/1.1[0m" 304 -
127.0.0.1 - - [14/Nov/2021 00:24:03] "[36mGET /static/SignUp.css HTTP/1.1[0m" 304 -
127.0.0.1 - - [14/Nov/2021 00:24:03] "[36mGET /static/jquery.js HTTP/1.1[0m" 304 -
 * Restarting with stat
 * Debugger is active!
 * Debugger PIN: 135-710-915
 * Running on http://127.0.0.1:5000/ (Press CTRL+C to quit)
 * Detected change in 'C:\\Users\\kathu\\Desktop\\project\\demo.py', reloading
 * Restarting with stat
